<?xml version="1.0" encoding="UTF-8"?>
<testsuites name="jest tests" tests="3" failures="0" time="5.356">
  <testsuite name="src\containers\__tests__\Screens-test.js" errors="0" failures="0" skipped="0" timestamp="2020-04-24T20:25:49" time="4.622" tests="3">
    <testcase classname="Snapshot testing of screens HomeScreen: should render correctly" name="Snapshot testing of screens HomeScreen: should render correctly" time="0.324">
    </testcase>
    <testcase classname="Snapshot testing of screens AboutScreen: should render correctly" name="Snapshot testing of screens AboutScreen: should render correctly" time="0.022">
    </testcase>
    <testcase classname="Snapshot testing of screens SplashScreen: should render correctly" name="Snapshot testing of screens SplashScreen: should render correctly" time="0.013">
    </testcase>
  </testsuite>
</testsuites>